2026-09-09T22:38:41.888+07:00  INFO 10948 --- [quiz-system] [main] com.quiz.QuizApplication                 : Starting QuizApplication using Java 17.0.12 with PID 10948 (C:\Users\ADMIN\Desktop\AI\study-plan-tracker\build\classes\java\main started by ADMIN in C:\Users\ADMIN\Desktop\AI\study-plan-tracker)
2026-09-09T22:38:41.905+07:00  INFO 10948 --- [quiz-system] [main] com.quiz.QuizApplication                 : No active profile set, falling back to 1 default profile: "default"
2026-09-09T22:38:44.374+07:00  INFO 10948 --- [quiz-system] [main] .s.d.r.c.RepositoryConfigurationDelegate : Multiple Spring Data modules found, entering strict repository configuration mode
2026-09-09T22:38:44.379+07:00  INFO 10948 --- [quiz-system] [main] .s.d.r.c.RepositoryConfigurationDelegate : Bootstrapping Spring Data JPA repositories in DEFAULT mode.
2026-09-09T22:38:44.756+07:00  INFO 10948 --- [quiz-system] [main] .s.d.r.c.RepositoryConfigurationDelegate : Finished Spring Data repository scanning in 357 ms. Found 5 JPA repository interfaces.
2026-09-09T22:38:44.855+07:00  INFO 10948 --- [quiz-system] [main] .s.d.r.c.RepositoryConfigurationDelegate : Multiple Spring Data modules found, entering strict repository configuration mode
2026-09-09T22:38:44.858+07:00  INFO 10948 --- [quiz-system] [main] .s.d.r.c.RepositoryConfigurationDelegate : Bootstrapping Spring Data Redis repositories in DEFAULT mode.
2026-09-09T22:38:44.890+07:00  INFO 10948 --- [quiz-system] [main] .RepositoryConfigurationExtensionSupport : Spring Data Redis - Could not safely identify store assignment for repository candidate interface com.quiz.repository.ExamResultRepository; If you want this repository to be a Redis repository, consider annotating your entities with one of these annotations: org.springframework.data.redis.core.RedisHash (preferred), or consider extending one of the following types with your repository: org.springframework.data.keyvalue.repository.KeyValueRepository
2026-09-09T22:38:44.892+07:00  INFO 10948 --- [quiz-system] [main] .RepositoryConfigurationExtensionSupport : Spring Data Redis - Could not safely identify store assignment for repository candidate interface com.quiz.repository.NotificationRepository; If you want this repository to be a Redis repository, consider annotating your entities with one of these annotations: org.springframework.data.redis.core.RedisHash (preferred), or consider extending one of the following types with your repository: org.springframework.data.keyvalue.repository.KeyValueRepository
2026-09-09T22:38:44.893+07:00  INFO 10948 --- [quiz-system] [main] .RepositoryConfigurationExtensionSupport : Spring Data Redis - Could not safely identify store assignment for repository candidate interface com.quiz.repository.QuestionRepository; If you want this repository to be a Redis repository, consider annotating your entities with one of these annotations: org.springframework.data.redis.core.RedisHash (preferred), or consider extending one of the following types with your repository: org.springframework.data.keyvalue.repository.KeyValueRepository
2026-09-09T22:38:44.895+07:00  INFO 10948 --- [quiz-system] [main] .RepositoryConfigurationExtensionSupport : Spring Data Redis - Could not safely identify store assignment for repository candidate interface com.quiz.repository.QuizRepository; If you want this repository to be a Redis repository, consider annotating your entities with one of these annotations: org.springframework.data.redis.core.RedisHash (preferred), or consider extending one of the following types with your repository: org.springframework.data.keyvalue.repository.KeyValueRepository
2026-09-09T22:38:44.896+07:00  INFO 10948 --- [quiz-system] [main] .RepositoryConfigurationExtensionSupport : Spring Data Redis - Could not safely identify store assignment for repository candidate interface com.quiz.repository.UserRepository; If you want this repository to be a Redis repository, consider annotating your entities with one of these annotations: org.springframework.data.redis.core.RedisHash (preferred), or consider extending one of the following types with your repository: org.springframework.data.keyvalue.repository.KeyValueRepository
2026-09-09T22:38:44.897+07:00  INFO 10948 --- [quiz-system] [main] .s.d.r.c.RepositoryConfigurationDelegate : Finished Spring Data repository scanning in 21 ms. Found 0 Redis repository interfaces.
2026-09-09T22:38:46.722+07:00  INFO 10948 --- [quiz-system] [main] o.s.boot.tomcat.TomcatWebServer          : Tomcat initialized with port 8080 (http)
2026-09-09T22:38:46.772+07:00  INFO 10948 --- [quiz-system] [main] o.apache.catalina.core.StandardService   : Starting service [Tomcat]
2026-09-09T22:38:46.773+07:00  INFO 10948 --- [quiz-system] [main] o.apache.catalina.core.StandardEngine    : Starting Servlet engine: [Apache Tomcat/11.0.24]
2026-09-09T22:38:47.172+07:00  INFO 10948 --- [quiz-system] [main] b.w.c.s.WebApplicationContextInitializer : Root WebApplicationContext: initialization completed in 5107 ms
2026-09-09T22:38:47.905+07:00  INFO 10948 --- [quiz-system] [main] org.hibernate.orm.jpa                    : HHH008540: Processing PersistenceUnitInfo [name: default]
2026-09-09T22:38:48.253+07:00  INFO 10948 --- [quiz-system] [main] org.hibernate.orm.core                   : HHH000001: Hibernate ORM core version 7.4.5.Final
2026-09-09T22:38:50.311+07:00  INFO 10948 --- [quiz-system] [main] o.s.o.j.p.SpringPersistenceUnitInfo      : No LoadTimeWeaver setup: ignoring JPA class transformer
2026-09-09T22:38:50.497+07:00  INFO 10948 --- [quiz-system] [main] com.zaxxer.hikari.HikariDataSource       : HikariPool-1 - Starting...
2026-09-09T22:38:51.179+07:00  INFO 10948 --- [quiz-system] [main] com.zaxxer.hikari.pool.HikariPool        : HikariPool-1 - Added connection org.postgresql.jdbc.PgConnection@13047d3d
2026-09-09T22:38:51.188+07:00  INFO 10948 --- [quiz-system] [main] com.zaxxer.hikari.HikariDataSource       : HikariPool-1 - Start completed.
2026-09-09T22:38:51.350+07:00  WARN 10948 --- [quiz-system] [main] org.hibernate.orm.deprecation            : HHH90000025: PostgreSQLDialect does not need to be specified explicitly using 'hibernate.dialect' (remove the property setting and it will be selected by default)
2026-09-09T22:38:51.561+07:00  INFO 10948 --- [quiz-system] [main] org.hibernate.orm.connections.pooling    : HHH10001005: Database info:
	Database JDBC URL [jdbc:postgresql://localhost:5432/quiz_db]
	Database driver: PostgreSQL JDBC Driver
	Database dialect: PostgreSQLDialect
	Database version: 15.19
	Default catalog/schema: quiz_db/public
	Autocommit mode: undefined/unknown
	Isolation level: READ_COMMITTED [default READ_COMMITTED]
	JDBC fetch size: none
	Pool: DataSourceConnectionProvider
	Minimum pool size: undefined/unknown
	Maximum pool size: undefined/unknown
2026-09-09T22:38:54.210+07:00  INFO 10948 --- [quiz-system] [main] org.hibernate.orm.core                   : HHH000489: No JTA platform available (set 'hibernate.transaction.jta.platform' to enable JTA platform integration)
2026-09-09T22:38:54.886+07:00  INFO 10948 --- [quiz-system] [main] j.LocalContainerEntityManagerFactoryBean : Initialized JPA EntityManagerFactory for persistence unit 'default'
2026-09-09T22:38:55.056+07:00  INFO 10948 --- [quiz-system] [main] o.s.d.j.r.query.QueryEnhancerFactories   : Hibernate is in classpath; If applicable, HQL parser will be used.
2026-09-09T22:38:55.492+07:00 DEBUG 10948 --- [quiz-system] [main] o.s.w.f.CommonsRequestLoggingFilter      : Filter 'logFilter' configured for use
2026-09-09T22:38:55.669+07:00  INFO 10948 --- [quiz-system] [main] eAuthenticationProviderManagerConfigurer : Global AuthenticationManager configured with AuthenticationProvider bean with name authenticationProvider
2026-09-09T22:38:55.670+07:00  WARN 10948 --- [quiz-system] [main] r$InitializeUserDetailsManagerConfigurer : Global AuthenticationManager configured with an AuthenticationProvider bean. UserDetailsService beans will not be used by Spring Security for automatically configuring username/password login. Consider removing the AuthenticationProvider bean. Alternatively, consider using the UserDetailsService in a manually instantiated DaoAuthenticationProvider. If the current configuration is intentional, to turn off this warning, increase the logging level of 'org.springframework.security.config.annotation.authentication.configuration.InitializeUserDetailsBeanManagerConfigurer' to ERROR
2026-09-09T22:39:00.045+07:00  WARN 10948 --- [quiz-system] [main] JpaBaseConfiguration$JpaWebConfiguration : spring.jpa.open-in-view is enabled by default. Therefore, database queries may be performed during view rendering. Explicitly configure spring.jpa.open-in-view to disable this warning
2026-09-09T22:39:00.556+07:00  INFO 10948 --- [quiz-system] [main] o.s.b.w.a.WelcomePageHandlerMapping      : Adding welcome page: class path resource [static/index.html]
2026-09-09T22:39:01.415+07:00  INFO 10948 --- [quiz-system] [main] o.s.m.s.b.SimpleBrokerMessageHandler     : Starting...
2026-09-09T22:39:01.416+07:00  INFO 10948 --- [quiz-system] [main] o.s.m.s.b.SimpleBrokerMessageHandler     : BrokerAvailabilityEvent[available=true, SimpleBrokerMessageHandler [org.springframework.messaging.simp.broker.DefaultSubscriptionRegistry@7f9224e1]]
2026-09-09T22:39:01.417+07:00  INFO 10948 --- [quiz-system] [main] o.s.m.s.b.SimpleBrokerMessageHandler     : Started.
2026-09-09T22:39:01.451+07:00  INFO 10948 --- [quiz-system] [main] o.s.boot.tomcat.TomcatWebServer          : Tomcat started on port 8080 (http) with context path '/'
2026-09-09T22:39:01.456+07:00  INFO 10948 --- [quiz-system] [main] o.s.a.r.c.CachingConnectionFactory       : Attempting to connect to: [localhost:5672]
2026-09-09T22:39:01.749+07:00  INFO 10948 --- [quiz-system] [main] o.s.a.r.c.CachingConnectionFactory       : Created new connection: rabbitConnectionFactory#1227862a:0/SimpleConnection@460f1d09 [delegate=amqp://admin@127.0.0.1:5672/, localPort=59055]
2026-09-09T22:39:01.975+07:00  INFO 10948 --- [quiz-system] [main] com.quiz.QuizApplication                 : Started QuizApplication in 21.164 seconds (process running for 22.209)
2026-09-09T22:39:04.810+07:00  INFO 10948 --- [quiz-system] [http-nio-8080-exec-1] o.a.c.c.C.[Tomcat].[localhost].[/]       : Initializing Spring DispatcherServlet 'dispatcherServlet'
2026-09-09T22:39:04.811+07:00  INFO 10948 --- [quiz-system] [http-nio-8080-exec-1] o.s.web.servlet.DispatcherServlet        : Initializing Servlet 'dispatcherServlet'
2026-09-09T22:39:04.813+07:00  INFO 10948 --- [quiz-system] [http-nio-8080-exec-1] o.s.web.servlet.DispatcherServlet        : Completed initialization in 2 ms
2026-09-09T22:39:13.506+07:00 DEBUG 10948 --- [quiz-system] [http-nio-8080-exec-5] o.s.w.f.CommonsRequestLoggingFilter      : Before request [GET /ws]
2026-09-09T22:39:13.602+07:00 DEBUG 10948 --- [quiz-system] [http-nio-8080-exec-5] o.s.w.f.CommonsRequestLoggingFilter      : API CALL: GET /ws]
2026-09-09T22:39:13.874+07:00 DEBUG 10948 --- [quiz-system] [http-nio-8080-exec-7] o.s.w.f.CommonsRequestLoggingFilter      : Before request [GET /api/v1/exams/my-results]
2026-09-09T22:39:13.875+07:00 DEBUG 10948 --- [quiz-system] [http-nio-8080-exec-8] o.s.w.f.CommonsRequestLoggingFilter      : Before request [GET /api/v1/quizzes]
2026-09-09T22:39:13.897+07:00 DEBUG 10948 --- [quiz-system] [http-nio-8080-exec-6] o.s.w.f.CommonsRequestLoggingFilter      : Before request [GET /api/v1/notifications]
2026-09-09T22:39:14.401+07:00 DEBUG 10948 --- [quiz-system] [http-nio-8080-exec-6] o.s.w.f.CommonsRequestLoggingFilter      : API CALL: GET /api/v1/notifications]
2026-09-09T22:39:14.418+07:00 DEBUG 10948 --- [quiz-system] [http-nio-8080-exec-7] o.s.w.f.CommonsRequestLoggingFilter      : API CALL: GET /api/v1/exams/my-results]
2026-09-09T22:39:14.464+07:00 DEBUG 10948 --- [quiz-system] [http-nio-8080-exec-3] o.s.w.f.CommonsRequestLoggingFilter      : Before request [GET /api/v1/exams/my-results]
2026-09-09T22:39:14.524+07:00 DEBUG 10948 --- [quiz-system] [http-nio-8080-exec-3] o.s.w.f.CommonsRequestLoggingFilter      : API CALL: GET /api/v1/exams/my-results]
2026-09-09T22:39:14.525+07:00 DEBUG 10948 --- [quiz-system] [http-nio-8080-exec-1] o.s.w.f.CommonsRequestLoggingFilter      : Before request [GET /api/v1/notifications]
2026-09-09T22:39:14.576+07:00 DEBUG 10948 --- [quiz-system] [http-nio-8080-exec-1] o.s.w.f.CommonsRequestLoggingFilter      : API CALL: GET /api/v1/notifications]
2026-09-09T22:39:14.586+07:00 DEBUG 10948 --- [quiz-system] [http-nio-8080-exec-8] o.s.w.f.CommonsRequestLoggingFilter      : API CALL: GET /api/v1/quizzes]
2026-09-09T22:39:14.614+07:00 DEBUG 10948 --- [quiz-system] [http-nio-8080-exec-4] o.s.w.f.CommonsRequestLoggingFilter      : Before request [GET /api/v1/quizzes]
2026-09-09T22:39:14.751+07:00 DEBUG 10948 --- [quiz-system] [http-nio-8080-exec-4] o.s.w.f.CommonsRequestLoggingFilter      : API CALL: GET /api/v1/quizzes]
2026-09-09T22:40:01.391+07:00  INFO 10948 --- [quiz-system] [MessageBroker-1] o.s.w.s.c.WebSocketMessageBrokerStats    : WebSocketSession[1 current WS(1)-HttpStream(0)-HttpPoll(0), 1 total, 0 closed abnormally (0 connect failure, 0 send limit, 0 transport error)], stompSubProtocol[processed CONNECT(1)-CONNECTED(1)-DISCONNECT(0)], stompBrokerRelay[null], inboundChannel[pool size = 6, active threads = 0, queued tasks = 0, completed tasks = 6], outboundChannel[pool size = 1, active threads = 0, queued tasks = 0, completed tasks = 1], sockJsScheduler[pool size = 1, active threads = 1, queued tasks = 0, completed tasks = 0]
2026-09-09T22:40:10.092+07:00 DEBUG 10948 --- [quiz-system] [http-nio-8080-exec-5] o.s.w.f.CommonsRequestLoggingFilter      : Before request [POST /api/v1/auth/login]
2026-09-09T22:40:10.675+07:00 DEBUG 10948 --- [quiz-system] [http-nio-8080-exec-5] o.s.w.f.CommonsRequestLoggingFilter      : API CALL: POST /api/v1/auth/login, payload={"username":"admin_test","password":"123456"}]
2026-09-09T22:40:10.731+07:00 DEBUG 10948 --- [quiz-system] [http-nio-8080-exec-10] o.s.w.f.CommonsRequestLoggingFilter      : Before request [GET /ws]
2026-09-09T22:40:10.734+07:00 DEBUG 10948 --- [quiz-system] [http-nio-8080-exec-10] o.s.w.f.CommonsRequestLoggingFilter      : API CALL: GET /ws]
2026-09-09T22:40:10.832+07:00 DEBUG 10948 --- [quiz-system] [http-nio-8080-exec-1] o.s.w.f.CommonsRequestLoggingFilter      : Before request [GET /api/v1/notifications]
2026-09-09T22:40:10.959+07:00 DEBUG 10948 --- [quiz-system] [http-nio-8080-exec-1] o.s.w.f.CommonsRequestLoggingFilter      : API CALL: GET /api/v1/notifications]
2026-09-09T22:40:10.994+07:00 DEBUG 10948 --- [quiz-system] [http-nio-8080-exec-4] o.s.w.f.CommonsRequestLoggingFilter      : Before request [GET /api/v1/notifications]
2026-09-09T22:40:11.114+07:00 DEBUG 10948 --- [quiz-system] [http-nio-8080-exec-4] o.s.w.f.CommonsRequestLoggingFilter      : API CALL: GET /api/v1/notifications]
2026-09-09T22:40:13.497+07:00 DEBUG 10948 --- [quiz-system] [http-nio-8080-exec-7] o.s.w.f.CommonsRequestLoggingFilter      : Before request [GET /ws]
2026-09-09T22:40:13.499+07:00 DEBUG 10948 --- [quiz-system] [http-nio-8080-exec-7] o.s.w.f.CommonsRequestLoggingFilter      : API CALL: GET /ws]
2026-09-09T22:40:13.522+07:00 DEBUG 10948 --- [quiz-system] [http-nio-8080-exec-5] o.s.w.f.CommonsRequestLoggingFilter      : Before request [GET /api/v1/notifications]
2026-09-09T22:40:13.528+07:00 DEBUG 10948 --- [quiz-system] [http-nio-8080-exec-3] o.s.w.f.CommonsRequestLoggingFilter      : Before request [GET /api/v1/quizzes]
2026-09-09T22:40:13.567+07:00 DEBUG 10948 --- [quiz-system] [http-nio-8080-exec-5] o.s.w.f.CommonsRequestLoggingFilter      : API CALL: GET /api/v1/notifications]
2026-09-09T22:40:13.639+07:00 DEBUG 10948 --- [quiz-system] [http-nio-8080-exec-1] o.s.w.f.CommonsRequestLoggingFilter      : Before request [GET /api/v1/notifications]
2026-09-09T22:40:13.642+07:00 DEBUG 10948 --- [quiz-system] [http-nio-8080-exec-8] o.s.w.f.CommonsRequestLoggingFilter      : Before request [GET /api/v1/exams/my-results]
2026-09-09T22:40:13.678+07:00 DEBUG 10948 --- [quiz-system] [http-nio-8080-exec-3] o.s.w.f.CommonsRequestLoggingFilter      : API CALL: GET /api/v1/quizzes]
2026-09-09T22:40:13.705+07:00 DEBUG 10948 --- [quiz-system] [http-nio-8080-exec-1] o.s.w.f.CommonsRequestLoggingFilter      : API CALL: GET /api/v1/notifications]
2026-09-09T22:40:13.709+07:00 DEBUG 10948 --- [quiz-system] [http-nio-8080-exec-8] o.s.w.f.CommonsRequestLoggingFilter      : API CALL: GET /api/v1/exams/my-results]
2026-09-09T22:40:13.713+07:00 DEBUG 10948 --- [quiz-system] [http-nio-8080-exec-4] o.s.w.f.CommonsRequestLoggingFilter      : Before request [GET /api/v1/quizzes]
2026-09-09T22:40:13.761+07:00 DEBUG 10948 --- [quiz-system] [http-nio-8080-exec-2] o.s.w.f.CommonsRequestLoggingFilter      : Before request [GET /api/v1/exams/my-results]
2026-09-09T22:40:13.787+07:00 DEBUG 10948 --- [quiz-system] [http-nio-8080-exec-4] o.s.w.f.CommonsRequestLoggingFilter      : API CALL: GET /api/v1/quizzes]
2026-09-09T22:40:13.789+07:00 DEBUG 10948 --- [quiz-system] [http-nio-8080-exec-2] o.s.w.f.CommonsRequestLoggingFilter      : API CALL: GET /api/v1/exams/my-results]
2026-09-09T22:40:40.780+07:00 DEBUG 10948 --- [quiz-system] [http-nio-8080-exec-6] o.s.w.f.CommonsRequestLoggingFilter      : Before request [GET /api/v1/notifications]
2026-09-09T22:40:40.799+07:00 DEBUG 10948 --- [quiz-system] [http-nio-8080-exec-6] o.s.w.f.CommonsRequestLoggingFilter      : API CALL: GET /api/v1/notifications]
2026-09-09T22:41:10.761+07:00 DEBUG 10948 --- [quiz-system] [http-nio-8080-exec-3] o.s.w.f.CommonsRequestLoggingFilter      : Before request [GET /api/v1/notifications]
2026-09-09T22:41:10.800+07:00 DEBUG 10948 --- [quiz-system] [http-nio-8080-exec-3] o.s.w.f.CommonsRequestLoggingFilter      : API CALL: GET /api/v1/notifications]
2026-09-09T22:41:13.789+07:00 DEBUG 10948 --- [quiz-system] [http-nio-8080-exec-2] o.s.w.f.CommonsRequestLoggingFilter      : Before request [GET /ws]
2026-09-09T22:41:13.795+07:00 DEBUG 10948 --- [quiz-system] [http-nio-8080-exec-2] o.s.w.f.CommonsRequestLoggingFilter      : API CALL: GET /ws]
2026-09-09T22:41:13.822+07:00 DEBUG 10948 --- [quiz-system] [http-nio-8080-exec-9] o.s.w.f.CommonsRequestLoggingFilter      : Before request [GET /api/v1/notifications]
2026-09-09T22:41:13.823+07:00 DEBUG 10948 --- [quiz-system] [http-nio-8080-exec-10] o.s.w.f.CommonsRequestLoggingFilter      : Before request [GET /api/v1/quizzes]
2026-09-09T22:41:13.840+07:00 DEBUG 10948 --- [quiz-system] [http-nio-8080-exec-2] o.s.w.f.CommonsRequestLoggingFilter      : Before request [GET /api/v1/exams/my-results]
2026-09-09T22:41:13.911+07:00 DEBUG 10948 --- [quiz-system] [http-nio-8080-exec-9] o.s.w.f.CommonsRequestLoggingFilter      : API CALL: GET /api/v1/notifications]
2026-09-09T22:41:13.912+07:00 DEBUG 10948 --- [quiz-system] [http-nio-8080-exec-2] o.s.w.f.CommonsRequestLoggingFilter      : API CALL: GET /api/v1/exams/my-results]
2026-09-09T22:41:13.914+07:00 DEBUG 10948 --- [quiz-system] [http-nio-8080-exec-10] o.s.w.f.CommonsRequestLoggingFilter      : API CALL: GET /api/v1/quizzes]
2026-09-09T22:41:13.980+07:00 DEBUG 10948 --- [quiz-system] [http-nio-8080-exec-4] o.s.w.f.CommonsRequestLoggingFilter      : Before request [GET /api/v1/quizzes]
2026-09-09T22:41:14.004+07:00 DEBUG 10948 --- [quiz-system] [http-nio-8080-exec-7] o.s.w.f.CommonsRequestLoggingFilter      : Before request [GET /api/v1/notifications]
2026-09-09T22:41:14.102+07:00 DEBUG 10948 --- [quiz-system] [http-nio-8080-exec-6] o.s.w.f.CommonsRequestLoggingFilter      : Before request [GET /api/v1/exams/my-results]
2026-09-09T22:41:14.132+07:00 DEBUG 10948 --- [quiz-system] [http-nio-8080-exec-4] o.s.w.f.CommonsRequestLoggingFilter      : API CALL: GET /api/v1/quizzes]
2026-09-09T22:41:14.136+07:00 DEBUG 10948 --- [quiz-system] [http-nio-8080-exec-7] o.s.w.f.CommonsRequestLoggingFilter      : API CALL: GET /api/v1/notifications]
2026-09-09T22:41:14.233+07:00 DEBUG 10948 --- [quiz-system] [http-nio-8080-exec-6] o.s.w.f.CommonsRequestLoggingFilter      : API CALL: GET /api/v1/exams/my-results]
2026-09-09T22:41:41.285+07:00 DEBUG 10948 --- [quiz-system] [http-nio-8080-exec-8] o.s.w.f.CommonsRequestLoggingFilter      : Before request [GET /api/v1/notifications]
2026-09-09T22:41:41.351+07:00 DEBUG 10948 --- [quiz-system] [http-nio-8080-exec-8] o.s.w.f.CommonsRequestLoggingFilter      : API CALL: GET /api/v1/notifications]
2026-09-09T22:42:11.294+07:00 DEBUG 10948 --- [quiz-system] [http-nio-8080-exec-2] o.s.w.f.CommonsRequestLoggingFilter      : Before request [GET /api/v1/notifications]
2026-09-09T22:42:11.361+07:00 DEBUG 10948 --- [quiz-system] [http-nio-8080-exec-2] o.s.w.f.CommonsRequestLoggingFilter      : API CALL: GET /api/v1/notifications]
2026-09-09T22:42:13.510+07:00 DEBUG 10948 --- [quiz-system] [http-nio-8080-exec-4] o.s.w.f.CommonsRequestLoggingFilter      : Before request [GET /ws]
2026-09-09T22:42:13.511+07:00 DEBUG 10948 --- [quiz-system] [http-nio-8080-exec-4] o.s.w.f.CommonsRequestLoggingFilter      : API CALL: GET /ws]
2026-09-09T22:42:13.555+07:00 DEBUG 10948 --- [quiz-system] [http-nio-8080-exec-4] o.s.w.f.CommonsRequestLoggingFilter      : Before request [GET /api/v1/exams/my-results]
2026-09-09T22:42:13.566+07:00 DEBUG 10948 --- [quiz-system] [http-nio-8080-exec-3] o.s.w.f.CommonsRequestLoggingFilter      : Before request [GET /api/v1/quizzes]
2026-09-09T22:42:13.569+07:00 DEBUG 10948 --- [quiz-system] [http-nio-8080-exec-5] o.s.w.f.CommonsRequestLoggingFilter      : Before request [GET /api/v1/notifications]
2026-09-09T22:42:13.609+07:00 DEBUG 10948 --- [quiz-system] [http-nio-8080-exec-5] o.s.w.f.CommonsRequestLoggingFilter      : API CALL: GET /api/v1/notifications]
2026-09-09T22:42:13.610+07:00 DEBUG 10948 --- [quiz-system] [http-nio-8080-exec-4] o.s.w.f.CommonsRequestLoggingFilter      : API CALL: GET /api/v1/exams/my-results]
2026-09-09T22:42:13.669+07:00 DEBUG 10948 --- [quiz-system] [http-nio-8080-exec-1] o.s.w.f.CommonsRequestLoggingFilter      : Before request [GET /api/v1/notifications]
2026-09-09T22:42:13.673+07:00 DEBUG 10948 --- [quiz-system] [http-nio-8080-exec-6] o.s.w.f.CommonsRequestLoggingFilter      : Before request [GET /api/v1/exams/my-results]
2026-09-09T22:42:13.686+07:00 DEBUG 10948 --- [quiz-system] [http-nio-8080-exec-3] o.s.w.f.CommonsRequestLoggingFilter      : API CALL: GET /api/v1/quizzes]
2026-09-09T22:42:13.776+07:00 DEBUG 10948 --- [quiz-system] [http-nio-8080-exec-6] o.s.w.f.CommonsRequestLoggingFilter      : API CALL: GET /api/v1/exams/my-results]
2026-09-09T22:42:13.777+07:00 DEBUG 10948 --- [quiz-system] [http-nio-8080-exec-1] o.s.w.f.CommonsRequestLoggingFilter      : API CALL: GET /api/v1/notifications]
2026-09-09T22:42:13.782+07:00 DEBUG 10948 --- [quiz-system] [http-nio-8080-exec-8] o.s.w.f.CommonsRequestLoggingFilter      : Before request [GET /api/v1/quizzes]
2026-09-09T22:42:13.904+07:00 DEBUG 10948 --- [quiz-system] [http-nio-8080-exec-8] o.s.w.f.CommonsRequestLoggingFilter      : API CALL: GET /api/v1/quizzes]
